Loading weights:   0%|          | 0/292 [00:00<?, ?it/s]Loading weights: 100%|##########| 292/292 [00:00<00:00, 5973.68it/s]
Loading weights:   0%|          | 0/436 [00:00<?, ?it/s]Loading weights: 100%|##########| 436/436 [00:00<00:00, 12436.86it/s]
Loading weights:   0%|          | 0/580 [00:00<?, ?it/s]Loading weights: 100%|##########| 580/580 [00:00<00:00, 12238.63it/s]
Loading weights:   0%|          | 0/197 [00:00<?, ?it/s]Loading weights: 100%|##########| 197/197 [00:00<00:00, 4093.12it/s]
[transformers] [1mRobertaModel LOAD REPORT[0m from: E:\AI\models\roberta-base-cased
Key                       | Status     | 
--------------------------+------------+-
lm_head.dense.bias        | UNEXPECTED | 
lm_head.bias              | UNEXPECTED | 
lm_head.layer_norm.bias   | UNEXPECTED | 
lm_head.layer_norm.weight | UNEXPECTED | 
lm_head.dense.weight      | UNEXPECTED | 
pooler.dense.bias         | MISSING    | 
pooler.dense.weight       | MISSING    | 

Notes:
- UNEXPECTED:	can be ignored when loading from different task/architecture; not ok if you expect identical arch.
- MISSING:	those params were newly initialized because missing from the checkpoint. Consider training on your downstream task.
Loading weights:   0%|          | 0/292 [00:00<?, ?it/s]Loading weights: 100%|##########| 292/292 [00:00<00:00, 4891.43it/s]
Loading weights:   0%|          | 0/509 [00:00<?, ?it/s]Loading weights:  47%|####7     | 241/509 [00:00<00:00, 2407.38it/s]Loading weights:  95%|#########4| 482/509 [00:00<00:00, 2401.21it/s]Loading weights: 100%|##########| 509/509 [00:00<00:00, 2489.12it/s]
Loading weights:   0%|          | 0/292 [00:00<?, ?it/s]Loading weights: 100%|##########| 292/292 [00:00<00:00, 12401.64it/s]
