Loading weights:   0%|          | 0/292 [00:00<?, ?it/s]Loading weights: 100%|##########| 292/292 [00:00<00:00, 4647.62it/s]
Loading weights:   0%|          | 0/436 [00:00<?, ?it/s]Loading weights: 100%|##########| 436/436 [00:00<00:00, 4754.74it/s]
Loading weights:   0%|          | 0/580 [00:00<?, ?it/s]Loading weights:  78%|#######7  | 452/580 [00:00<00:00, 4499.56it/s]Loading weights: 100%|##########| 580/580 [00:00<00:00, 4505.54it/s]
Traceback (most recent call last):
  File "D:\AI\projects\e-phishGen\calculation\HWT-MGT\run_combined.py", line 6, in <module>
    run_scaled_pool_resumable.main()
    ~~~~~~~~~~~~~~~~~~~~~~~~~~~~~~^^
  File "D:\AI\projects\e-phishGen\calculation\HWT-MGT\run_scaled_pool_resumable.py", line 119, in main
    run_stage(results, texts, "uid", lambda result, text: runner.calculate_uid(result, text, uid_model, uid_tokenizer), ["uid_mean", "total_surprisal"])
    ~~~~~~~~~^^^^^^^^^^^^^^^^^^^^^^^^^^^^^^^^^^^^^^^^^^^^^^^^^^^^^^^^^^^^^^^^^^^^^^^^^^^^^^^^^^^^^^^^^^^^^^^^^^^^^^^^^^^^^^^^^^^^^^^^^^^^^^^^^^^^^^^^^^^
  File "D:\AI\projects\e-phishGen\calculation\HWT-MGT\run_scaled_pool_resumable.py", line 83, in run_stage
    save_checkpoint(results, metadata)
    ~~~~~~~~~~~~~~~^^^^^^^^^^^^^^^^^^^
  File "D:\AI\projects\e-phishGen\calculation\HWT-MGT\run_scaled_pool_resumable.py", line 36, in save_checkpoint
    CHECKPOINT.write_text(
    ~~~~~~~~~~~~~~~~~~~~~^
        json.dumps({"metadata": metadata, "results": results}, indent=2, ensure_ascii=False, default=runner.scalarize),
        ^^^^^^^^^^^^^^^^^^^^^^^^^^^^^^^^^^^^^^^^^^^^^^^^^^^^^^^^^^^^^^^^^^^^^^^^^^^^^^^^^^^^^^^^^^^^^^^^^^^^^^^^^^^^^^^
        encoding="utf-8",
        ^^^^^^^^^^^^^^^^^
    )
    ^
  File "C:\Users\Admin\miniforge3\Lib\pathlib\_local.py", line 555, in write_text
    return PathBase.write_text(self, data, encoding, errors, newline)
           ~~~~~~~~~~~~~~~~~~~^^^^^^^^^^^^^^^^^^^^^^^^^^^^^^^^^^^^^^^
  File "C:\Users\Admin\miniforge3\Lib\pathlib\_abc.py", line 651, in write_text
    with self.open(mode='w', encoding=encoding, errors=errors, newline=newline) as f:
         ~~~~~~~~~^^^^^^^^^^^^^^^^^^^^^^^^^^^^^^^^^^^^^^^^^^^^^^^^^^^^^^^^^^^^^
  File "C:\Users\Admin\miniforge3\Lib\pathlib\_local.py", line 537, in open
    return io.open(self, mode, buffering, encoding, errors, newline)
           ~~~~~~~^^^^^^^^^^^^^^^^^^^^^^^^^^^^^^^^^^^^^^^^^^^^^^^^^^
OSError: [Errno 22] Invalid argument: 'D:\\AI\\projects\\e-phishGen\\calculation\\HWT-MGT\\results\\combined_calculation_metrics.partial.json'
